[INFO] 2025-03-28T16:09:54.219Z: database connected successfully 
[INFO] 2025-03-28T18:47:22.377Z: database connected successfully 
[INFO] 2025-03-28T18:53:18.045Z: database connected successfully 
[INFO] 2025-03-28T19:01:01.820Z: database connected successfully 
[INFO] 2025-03-28T19:08:48.509Z: database connected successfully 
[INFO] 2025-03-28T19:08:50.390Z: database connected successfully 
[INFO] 2025-03-28T19:08:52.349Z: مستخدم متصل: XgAe_ftPqhD-sl-PAAAB 
[INFO] 2025-03-28T19:08:52.380Z: المستخدم undefined (user-odi4v5g) انضم إلى الغرفة 67e6f0a785377c7b2a835980 
[INFO] 2025-03-28T19:09:01.147Z: المستخدم undefined (user-odi4v5g) غادر الغرفة 67e6f0a785377c7b2a835980 
[INFO] 2025-03-28T19:09:01.864Z: مستخدم متصل: Q2smRCDl_SneRtxIAAAE 
[INFO] 2025-03-28T19:09:01.908Z: مستخدم متصل: UDBSMps04h_g9QnjAAAG 
[INFO] 2025-03-28T19:09:01.976Z: المستخدم undefined (user-vugf5jf) انضم إلى الغرفة 67e6f0a785377c7b2a835980 
[INFO] 2025-03-28T19:09:02.069Z: المستخدم undefined (user-vugf5jf) غادر الغرفة 67e6f0a785377c7b2a835980 
[INFO] 2025-03-28T19:09:02.084Z: مستخدم متصل: gorDnLLCUo9V34dRAAAI 
[INFO] 2025-03-28T19:09:02.154Z: المستخدم undefined (user-vugf5jf) انضم إلى الغرفة 67e6f0a785377c7b2a835980 
[INFO] 2025-03-28T19:09:16.571Z: database connected successfully 
[INFO] 2025-03-28T19:09:16.915Z: مستخدم متصل: dh_kHZooTaIwhGHgAAAB 
[INFO] 2025-03-28T19:09:20.617Z: مستخدم متصل: O3znXFVJ6g5dew1IAAAE 
[INFO] 2025-03-28T19:09:20.672Z: مستخدم متصل: apGfc8FeR3JXhNvZAAAG 
[INFO] 2025-03-28T19:09:20.778Z: المستخدم undefined (user-9ly6se4) انضم إلى الغرفة 67e6f0a785377c7b2a835980 
[INFO] 2025-03-28T19:09:20.874Z: المستخدم undefined (user-9ly6se4) غادر الغرفة 67e6f0a785377c7b2a835980 
[INFO] 2025-03-28T19:09:20.926Z: مستخدم متصل: TM8ik7v_7HGSslaPAAAI 
[INFO] 2025-03-28T19:09:20.971Z: المستخدم undefined (user-9ly6se4) انضم إلى الغرفة 67e6f0a785377c7b2a835980 
[INFO] 2025-03-28T19:12:15.700Z: المستخدم undefined (user-9ly6se4) غادر الغرفة 67e6f0a785377c7b2a835980 
[INFO] 2025-03-28T19:12:16.339Z: مستخدم متصل: w8FzLuzqtpZ8oE_GAAAL 
[INFO] 2025-03-28T19:12:16.387Z: المستخدم undefined (user-f5obja4) انضم إلى الغرفة 67e6f0a785377c7b2a835980 
[INFO] 2025-03-28T19:12:16.416Z: المستخدم undefined (user-f5obja4) غادر الغرفة 67e6f0a785377c7b2a835980 
[INFO] 2025-03-28T19:12:16.420Z: مستخدم متصل: -VtLylgvZ_t7WWDcAAAN 
[INFO] 2025-03-28T19:12:16.473Z: المستخدم undefined (user-f5obja4) انضم إلى الغرفة 67e6f0a785377c7b2a835980 
[INFO] 2025-03-28T19:13:59.475Z: المستخدم undefined (user-f5obja4) غادر الغرفة 67e6f0a785377c7b2a835980 
[INFO] 2025-03-28T19:14:00.170Z: مستخدم متصل: cUkdA-ywHI_9fffnAAAQ 
[INFO] 2025-03-28T19:14:00.203Z: المستخدم undefined (user-bo038uw) انضم إلى الغرفة 67e6f0a785377c7b2a835980 
[INFO] 2025-03-28T19:14:00.247Z: مستخدم متصل: taIfkqHbQFyNIVYaAAAS 
[INFO] 2025-03-28T19:14:00.285Z: المستخدم undefined (user-bo038uw) انضم إلى الغرفة 67e6f0a785377c7b2a835980 
[INFO] 2025-03-28T19:14:00.317Z: المستخدم undefined (user-bo038uw) غادر الغرفة 67e6f0a785377c7b2a835980 
[INFO] 2025-03-28T19:14:08.882Z: المستخدم undefined (user-bo038uw) غادر الغرفة 67e6f0a785377c7b2a835980 
[INFO] 2025-03-28T19:14:10.379Z: مستخدم متصل: h4dGV1UCexRVJZ3dAAAV 
[INFO] 2025-03-28T19:14:10.397Z: المستخدم undefined (user-oknoy03) انضم إلى الغرفة 67e6f0a785377c7b2a835980 
[INFO] 2025-03-28T19:14:10.440Z: المستخدم undefined (user-oknoy03) غادر الغرفة 67e6f0a785377c7b2a835980 
[INFO] 2025-03-28T19:14:10.442Z: مستخدم متصل: ABtuutRbThbwjhXMAAAX 
[INFO] 2025-03-28T19:14:10.466Z: مستخدم متصل: 3vwh8ehI7NSUwhuXAAAZ 
[INFO] 2025-03-28T19:14:10.627Z: المستخدم undefined (user-oknoy03) انضم إلى الغرفة 67e6f0a785377c7b2a835980 
[INFO] 2025-03-28T19:14:13.416Z: المستخدم undefined (user-oknoy03) غادر الغرفة 67e6f0a785377c7b2a835980 
[INFO] 2025-03-28T19:14:14.053Z: مستخدم متصل: f-21-whnINz99GV2AAAc 
[INFO] 2025-03-28T19:14:14.094Z: المستخدم undefined (user-aesjx09) انضم إلى الغرفة 67e6f0a785377c7b2a835980 
[INFO] 2025-03-28T19:14:14.102Z: المستخدم undefined (user-aesjx09) غادر الغرفة 67e6f0a785377c7b2a835980 
[INFO] 2025-03-28T19:14:14.132Z: مستخدم متصل: _vn_KOEfl_EhfTLsAAAe 
[INFO] 2025-03-28T19:14:14.147Z: المستخدم undefined (user-aesjx09) انضم إلى الغرفة 67e6f0a785377c7b2a835980 
[INFO] 2025-03-28T19:15:25.275Z: المستخدم undefined (user-aesjx09) غادر الغرفة 67e6f0a785377c7b2a835980 
[INFO] 2025-03-28T19:15:25.915Z: مستخدم متصل: IoJD7K26sRN6XbEOAAAh 
[INFO] 2025-03-28T19:15:25.943Z: المستخدم undefined (user-62crju4) انضم إلى الغرفة 67e6f0a785377c7b2a835980 
[INFO] 2025-03-28T19:15:25.959Z: مستخدم متصل: eLNLVfLftJ0APbp5AAAj 
[INFO] 2025-03-28T19:15:25.968Z: المستخدم undefined (user-62crju4) انضم إلى الغرفة 67e6f0a785377c7b2a835980 
[INFO] 2025-03-28T19:15:25.972Z: المستخدم undefined (user-62crju4) غادر الغرفة 67e6f0a785377c7b2a835980 
[INFO] 2025-03-28T19:16:05.150Z: المستخدم undefined (user-62crju4) غادر الغرفة 67e6f0a785377c7b2a835980 
[INFO] 2025-03-28T19:16:05.807Z: مستخدم متصل: Rd_r0gd3cd6ibYmzAAAm 
[INFO] 2025-03-28T19:16:05.821Z: المستخدم undefined (user-smcel82) انضم إلى الغرفة 67e6f0a785377c7b2a835980 
[INFO] 2025-03-28T19:16:05.838Z: مستخدم متصل: Y3PirubEEHlCwafRAAAo 
[INFO] 2025-03-28T19:16:05.845Z: المستخدم undefined (user-smcel82) انضم إلى الغرفة 67e6f0a785377c7b2a835980 
[INFO] 2025-03-28T19:16:05.855Z: المستخدم undefined (user-smcel82) غادر الغرفة 67e6f0a785377c7b2a835980 
[INFO] 2025-03-28T19:16:21.770Z: المستخدم undefined (user-smcel82) غادر الغرفة 67e6f0a785377c7b2a835980 
[INFO] 2025-03-28T19:16:27.013Z: مستخدم متصل: jilhYXOjR0mF35SOAAAr 
[INFO] 2025-03-28T19:16:27.043Z: مستخدم متصل: kB1XAu9mNDbKJhjeAAAt 
[INFO] 2025-03-28T19:16:27.071Z: المستخدم undefined (user-3l5gx8t) انضم إلى الغرفة 67e6f0a785377c7b2a835980 
[INFO] 2025-03-28T19:16:27.078Z: المستخدم undefined (user-3l5gx8t) غادر الغرفة 67e6f0a785377c7b2a835980 
[INFO] 2025-03-28T19:16:27.082Z: مستخدم متصل: CDM7O_fGm2iWNpA7AAAv 
[INFO] 2025-03-28T19:16:27.093Z: المستخدم undefined (user-3l5gx8t) انضم إلى الغرفة 67e6f0a785377c7b2a835980 
[INFO] 2025-03-28T19:16:52.848Z: المستخدم undefined (user-3l5gx8t) غادر الغرفة 67e6f0a785377c7b2a835980 
[INFO] 2025-03-28T19:17:16.512Z: مستخدم متصل: 9YcVESgiTnR58iq-AAAy 
[INFO] 2025-03-28T19:17:16.525Z: المستخدم undefined (user-fkib5en) انضم إلى الغرفة 67e6f5b9c64692dca7ecb7cc 
[INFO] 2025-03-28T19:17:16.539Z: المستخدم undefined (user-fkib5en) غادر الغرفة 67e6f5b9c64692dca7ecb7cc 
[INFO] 2025-03-28T19:17:16.542Z: مستخدم متصل: v9vcNcbltTHG_eqBAAA0 
[INFO] 2025-03-28T19:17:16.551Z: مستخدم متصل: gvlIJA0KcfsLomEnAAA2 
[INFO] 2025-03-28T19:17:16.559Z: المستخدم undefined (user-fkib5en) انضم إلى الغرفة 67e6f5b9c64692dca7ecb7cc 
[INFO] 2025-03-28T19:17:25.826Z: المستخدم undefined (user-fkib5en) غادر الغرفة 67e6f5b9c64692dca7ecb7cc 
[INFO] 2025-03-28T19:17:26.571Z: مستخدم متصل: _EdJWAHzIiyjns2KAAA5 
[INFO] 2025-03-28T19:17:26.583Z: المستخدم undefined (user-t9f7hlq) انضم إلى الغرفة 67e6f5b9c64692dca7ecb7cc 
[INFO] 2025-03-28T19:17:26.594Z: المستخدم undefined (user-t9f7hlq) غادر الغرفة 67e6f5b9c64692dca7ecb7cc 
[INFO] 2025-03-28T19:17:26.603Z: مستخدم متصل: tJ7i_gkTFJcPhFmQAAA7 
[INFO] 2025-03-28T19:17:26.612Z: المستخدم undefined (user-t9f7hlq) انضم إلى الغرفة 67e6f5b9c64692dca7ecb7cc 
[INFO] 2025-03-28T19:17:40.874Z: المستخدم undefined (user-t9f7hlq) غادر الغرفة 67e6f5b9c64692dca7ecb7cc 
[INFO] 2025-03-28T19:17:41.817Z: مستخدم متصل: 9VzGecOGSGEGUhGUAAA- 
[INFO] 2025-03-28T19:17:41.829Z: المستخدم undefined (user-2rx5j2e) انضم إلى الغرفة 67e6f5b9c64692dca7ecb7cc 
[INFO] 2025-03-28T19:17:41.862Z: مستخدم متصل: J95y6OizTx40QJDSAABA 
[INFO] 2025-03-28T19:17:41.874Z: المستخدم undefined (user-2rx5j2e) انضم إلى الغرفة 67e6f5b9c64692dca7ecb7cc 
[INFO] 2025-03-28T19:17:41.880Z: المستخدم undefined (user-2rx5j2e) غادر الغرفة 67e6f5b9c64692dca7ecb7cc 
[INFO] 2025-03-28T19:17:55.520Z: المستخدم undefined (user-2rx5j2e) غادر الغرفة 67e6f5b9c64692dca7ecb7cc 
[INFO] 2025-03-28T19:22:20.116Z: مستخدم متصل: jFGqfsj-slvxJlMrAABD 
[INFO] 2025-03-28T19:22:20.147Z: المستخدم مستخدم-ugk (user-wvhbw3z) انضم إلى الغرفة 67e6f5b9c64692dca7ecb7cc 
[INFO] 2025-03-28T19:23:25.002Z: المستخدم مستخدم-ugk (user-wvhbw3z) غادر الغرفة 67e6f5b9c64692dca7ecb7cc 
[INFO] 2025-03-28T19:23:25.820Z: مستخدم متصل: js6AWw1m6afsxc9yAABG 
[INFO] 2025-03-28T19:23:25.832Z: المستخدم مستخدم-fx5 (user-zodzeak) انضم إلى الغرفة 67e6f5b9c64692dca7ecb7cc 
[INFO] 2025-03-28T19:23:25.868Z: مستخدم متصل: NUDHo5T5PyZvCYXWAABI 
[INFO] 2025-03-28T19:23:25.876Z: المستخدم مستخدم-fx5 (user-zodzeak) انضم إلى الغرفة 67e6f5b9c64692dca7ecb7cc 
[INFO] 2025-03-28T19:23:25.879Z: المستخدم مستخدم-fx5 (user-zodzeak) غادر الغرفة 67e6f5b9c64692dca7ecb7cc 
[INFO] 2025-03-28T19:23:35.292Z: المستخدم مستخدم-fx5 (user-zodzeak) غادر الغرفة 67e6f5b9c64692dca7ecb7cc 
[INFO] 2025-03-28T19:23:41.417Z: مستخدم متصل: Elc2gwNTXOApCjVZAABL 
[INFO] 2025-03-28T19:23:41.451Z: مستخدم متصل: vCnUiASm9h4riEhyAABN 
[INFO] 2025-03-28T19:23:41.495Z: المستخدم مستخدم-xtf (user-w9uwbwl) انضم إلى الغرفة 67e6f5b9c64692dca7ecb7cc 
[INFO] 2025-03-28T19:23:41.501Z: المستخدم مستخدم-xtf (user-w9uwbwl) غادر الغرفة 67e6f5b9c64692dca7ecb7cc 
[INFO] 2025-03-28T19:23:41.505Z: مستخدم متصل: lmCd2aRqSDifOom6AABP 
[INFO] 2025-03-28T19:23:41.515Z: المستخدم مستخدم-xtf (user-w9uwbwl) انضم إلى الغرفة 67e6f5b9c64692dca7ecb7cc 
[INFO] 2025-03-28T19:24:00.105Z: المستخدم مستخدم-xtf (user-w9uwbwl) غادر الغرفة 67e6f5b9c64692dca7ecb7cc 
[INFO] 2025-03-28T19:24:01.077Z: مستخدم متصل: wp8qeFEFKv41x52oAABS 
[INFO] 2025-03-28T19:24:01.088Z: المستخدم مستخدم-z12 (user-7smddmn) انضم إلى الغرفة 67e6f5b9c64692dca7ecb7cc 
[INFO] 2025-03-28T19:25:29.172Z: database connected successfully 
[INFO] 2025-03-28T19:25:29.806Z: مستخدم متصل: mpEY_TYory5uZb-VAAAB 
[INFO] 2025-03-28T19:25:50.816Z: database connected successfully 
[INFO] 2025-03-28T19:25:50.998Z: مستخدم متصل: 688wb2wlY2Iz5GezAAAB 
[INFO] 2025-03-28T19:25:59.665Z: database connected successfully 
[INFO] 2025-03-28T19:26:00.474Z: مستخدم متصل: VcAdZJVnHH44d_l0AAAB 
[INFO] 2025-03-28T19:26:01.353Z: database connected successfully 
[INFO] 2025-03-28T19:26:01.808Z: مستخدم متصل: zX34jH_HEj31JP5wAAAB 
[INFO] 2025-03-28T19:26:14.633Z: مستخدم متصل: yfmhSFQmJP70kIH2AAAE 
[INFO] 2025-03-28T19:26:14.671Z: المستخدم مستخدم-37y (user-a7bmjo9) انضم إلى الغرفة 67e6f5b9c64692dca7ecb7cc 
[INFO] 2025-03-28T19:26:17.083Z: المستخدم مستخدم-37y (user-a7bmjo9) غادر الغرفة 67e6f5b9c64692dca7ecb7cc 
[INFO] 2025-03-28T19:26:17.805Z: مستخدم متصل: 5biaj2JLuHAMnEC4AAAH 
[INFO] 2025-03-28T19:26:17.834Z: المستخدم مستخدم-x5o (user-l1w7hgr) انضم إلى الغرفة 67e6f5b9c64692dca7ecb7cc 
[INFO] 2025-03-28T19:26:26.086Z: المستخدم مستخدم-x5o (user-l1w7hgr) غادر الغرفة 67e6f5b9c64692dca7ecb7cc 
[INFO] 2025-03-28T19:26:26.092Z: المستخدم مستخدم-x5o (user-l1w7hgr) غادر الغرفة 67e6f5b9c64692dca7ecb7cc 
[INFO] 2025-03-28T19:26:29.725Z: مستخدم متصل: yPijwo-hNGC_bkQmAAAK 
[INFO] 2025-03-28T19:26:29.748Z: المستخدم مستخدم-t8u (user-xgp68j3) انضم إلى الغرفة 67e6f5b9c64692dca7ecb7cc 
[INFO] 2025-03-28T19:30:47.566Z: المستخدم مستخدم-t8u (user-xgp68j3) غادر الغرفة 67e6f5b9c64692dca7ecb7cc 
[INFO] 2025-03-28T19:30:48.440Z: مستخدم متصل: lu4fCbVJSlVBOdVEAAAN 
[INFO] 2025-03-28T19:30:48.462Z: المستخدم مستخدم-d7a (user-p0a2ea4) انضم إلى الغرفة 67e6f5b9c64692dca7ecb7cc 
[INFO] 2025-03-28T19:32:17.722Z: المستخدم مستخدم-d7a (user-p0a2ea4) غادر الغرفة 67e6f5b9c64692dca7ecb7cc 
[INFO] 2025-03-28T19:32:18.552Z: مستخدم متصل: MOOsWu65W9LOylAgAAAQ 
[INFO] 2025-03-28T19:32:18.568Z: المستخدم مستخدم-t6z (user-t9vvruz) انضم إلى الغرفة 67e6f5b9c64692dca7ecb7cc 
[INFO] 2025-03-28T19:32:23.903Z: المستخدم مستخدم-t6z (user-t9vvruz) غادر الغرفة 67e6f5b9c64692dca7ecb7cc 
[INFO] 2025-03-28T19:32:23.912Z: المستخدم مستخدم-t6z (user-t9vvruz) غادر الغرفة 67e6f5b9c64692dca7ecb7cc 
[INFO] 2025-03-28T19:35:16.341Z: database connected successfully 
[INFO] 2025-03-28T19:35:18.656Z: database connected successfully 
[INFO] 2025-03-28T19:52:31.713Z: database connected successfully 
[INFO] 2025-03-28T19:55:55.375Z: database connected successfully 
[INFO] 2025-03-28T19:55:59.825Z: database connected successfully 
[INFO] 2025-03-28T20:01:22.082Z: database connected successfully 
[INFO] 2025-03-28T20:01:31.049Z: database connected successfully 
[INFO] 2025-03-28T20:02:05.267Z: database connected successfully 
[INFO] 2025-03-28T20:02:14.024Z: database connected successfully 
[INFO] 2025-03-29T02:45:01.427Z: database connected successfully 
[INFO] 2025-03-29T02:45:09.971Z: database connected successfully 
[INFO] 2025-03-29T02:56:37.494Z: database connected successfully 
[INFO] 2025-03-29T02:56:44.220Z: database connected successfully 
[INFO] 2025-03-29T02:56:50.580Z: database connected successfully 
[INFO] 2025-03-29T02:56:54.289Z: database connected successfully 
[INFO] 2025-03-29T02:58:26.358Z: تم إنشاء غرفة جديدة: الشيخ احمد 
[INFO] 2025-03-29T02:58:58.633Z: تم إنشاء غرفة جديدة: الشيخ احمد 
[ERROR] 2025-03-29T02:59:25.121Z: خطأ في الحصول على الغرفة undefined: {"error":{"stringValue":"\"undefined\"","valueType":"string","kind":"ObjectId","value":"undefined","path":"_id","reason":{},"name":"CastError","message":"Cast to ObjectId failed for value \"undefined\" (type string) at path \"_id\" for model \"VoiceRoom\""}}
[ERROR] 2025-03-29T02:59:25.131Z: خطأ في الحصول على الغرفة undefined: {"error":{"stringValue":"\"undefined\"","valueType":"string","kind":"ObjectId","value":"undefined","path":"_id","reason":{},"name":"CastError","message":"Cast to ObjectId failed for value \"undefined\" (type string) at path \"_id\" for model \"VoiceRoom\""}}
[ERROR] 2025-03-29T02:59:25.140Z: خطأ في مغادرة الغرفة undefined: {"error":{"stringValue":"\"undefined\"","valueType":"string","kind":"ObjectId","value":"undefined","path":"_id","reason":{},"name":"CastError","message":"Cast to ObjectId failed for value \"undefined\" (type string) at path \"_id\" for model \"VoiceRoom\""}}
[INFO] 2025-03-29T03:00:22.931Z: database connected successfully 
[INFO] 2025-03-29T03:00:26.850Z: database connected successfully 
[INFO] 2025-03-29T03:01:18.048Z: database connected successfully 
[ERROR] 2025-03-29T03:01:35.762Z: خطأ في الحصول على الغرفة undefined: {"error":{"stringValue":"\"undefined\"","valueType":"string","kind":"ObjectId","value":"undefined","path":"_id","reason":{},"name":"CastError","message":"Cast to ObjectId failed for value \"undefined\" (type string) at path \"_id\" for model \"VoiceRoom\""}}
[ERROR] 2025-03-29T03:03:11.800Z: خطأ في مغادرة الغرفة undefined: {"error":{"stringValue":"\"undefined\"","valueType":"string","kind":"ObjectId","value":"undefined","path":"_id","reason":{},"name":"CastError","message":"Cast to ObjectId failed for value \"undefined\" (type string) at path \"_id\" for model \"VoiceRoom\""}}
[ERROR] 2025-03-29T03:03:11.803Z: خطأ في الحصول على الغرفة undefined: {"error":{"stringValue":"\"undefined\"","valueType":"string","kind":"ObjectId","value":"undefined","path":"_id","reason":{},"name":"CastError","message":"Cast to ObjectId failed for value \"undefined\" (type string) at path \"_id\" for model \"VoiceRoom\""}}
[INFO] 2025-03-30T08:15:31.233Z: database connected successfully 
[ERROR] 2025-03-30T08:15:57.862Z: خطأ في الحصول على الغرفة undefined: {"error":{"stringValue":"\"undefined\"","valueType":"string","kind":"ObjectId","value":"undefined","path":"_id","reason":{},"name":"CastError","message":"Cast to ObjectId failed for value \"undefined\" (type string) at path \"_id\" for model \"VoiceRoom\""}}
[ERROR] 2025-03-30T08:15:57.872Z: خطأ في الحصول على الغرفة undefined: {"error":{"stringValue":"\"undefined\"","valueType":"string","kind":"ObjectId","value":"undefined","path":"_id","reason":{},"name":"CastError","message":"Cast to ObjectId failed for value \"undefined\" (type string) at path \"_id\" for model \"VoiceRoom\""}}
[ERROR] 2025-03-30T08:15:57.886Z: خطأ في مغادرة الغرفة undefined: {"error":{"stringValue":"\"undefined\"","valueType":"string","kind":"ObjectId","value":"undefined","path":"_id","reason":{},"name":"CastError","message":"Cast to ObjectId failed for value \"undefined\" (type string) at path \"_id\" for model \"VoiceRoom\""}}
[ERROR] 2025-03-30T08:16:00.923Z: خطأ في مغادرة الغرفة undefined: {"error":{"stringValue":"\"undefined\"","valueType":"string","kind":"ObjectId","value":"undefined","path":"_id","reason":{},"name":"CastError","message":"Cast to ObjectId failed for value \"undefined\" (type string) at path \"_id\" for model \"VoiceRoom\""}}
[ERROR] 2025-03-30T08:19:17.257Z: خطأ في الحصول على الغرفة undefined: {"error":{"stringValue":"\"undefined\"","valueType":"string","kind":"ObjectId","value":"undefined","path":"_id","reason":{},"name":"CastError","message":"Cast to ObjectId failed for value \"undefined\" (type string) at path \"_id\" for model \"VoiceRoom\""}}
[ERROR] 2025-03-30T08:19:17.265Z: خطأ في مغادرة الغرفة undefined: {"error":{"stringValue":"\"undefined\"","valueType":"string","kind":"ObjectId","value":"undefined","path":"_id","reason":{},"name":"CastError","message":"Cast to ObjectId failed for value \"undefined\" (type string) at path \"_id\" for model \"VoiceRoom\""}}
[ERROR] 2025-03-30T08:19:17.269Z: خطأ في الحصول على الغرفة undefined: {"error":{"stringValue":"\"undefined\"","valueType":"string","kind":"ObjectId","value":"undefined","path":"_id","reason":{},"name":"CastError","message":"Cast to ObjectId failed for value \"undefined\" (type string) at path \"_id\" for model \"VoiceRoom\""}}
[ERROR] 2025-03-30T08:20:24.937Z: خطأ في مغادرة الغرفة undefined: {"error":{"stringValue":"\"undefined\"","valueType":"string","kind":"ObjectId","value":"undefined","path":"_id","reason":{},"name":"CastError","message":"Cast to ObjectId failed for value \"undefined\" (type string) at path \"_id\" for model \"VoiceRoom\""}}
[INFO] 2025-03-30T08:23:11.085Z: مستخدم متصل: _dglunPawpFJt_H5AAAC 
[INFO] 2025-03-30T08:23:11.120Z: المستخدم undefined (user-9owbpfg) انضم إلى الغرفة 67e761d2906a7d4b18b312f5 
[INFO] 2025-03-30T08:23:52.034Z: المستخدم undefined (user-9owbpfg) غادر الغرفة 67e761d2906a7d4b18b312f5 
[INFO] 2025-03-30T08:23:52.046Z: المستخدم undefined (user-9owbpfg) غادر الغرفة 67e761d2906a7d4b18b312f5 
[INFO] 2025-03-30T08:23:55.125Z: مستخدم متصل: HcvHlbWJe3pgLML7AAAF 
[INFO] 2025-03-30T08:23:55.160Z: المستخدم undefined (user-n5r4i0o) انضم إلى الغرفة 67e761d2906a7d4b18b312f5 
[INFO] 2025-03-30T08:26:16.776Z: database connected successfully 
[INFO] 2025-03-30T08:32:28.744Z: database connected successfully 
[INFO] 2025-03-30T08:59:15.853Z: database connected successfully 
[INFO] 2025-03-30T08:59:33.967Z: database connected successfully 
[INFO] 2025-03-30T08:59:37.665Z: database connected successfully 
[INFO] 2025-03-30T09:00:12.125Z: database connected successfully 
[INFO] 2025-03-30T09:06:23.480Z: database connected successfully 
[INFO] 2025-03-30T09:06:27.932Z: database connected successfully 
[INFO] 2025-03-30T09:06:43.729Z: database connected successfully 
[INFO] 2025-03-30T09:17:20.269Z: database connected successfully 
[INFO] 2025-03-30T09:17:32.529Z: database connected successfully 
[INFO] 2025-03-30T09:17:43.431Z: database connected successfully 
[INFO] 2025-03-30T09:17:53.693Z: database connected successfully 
[INFO] 2025-03-30T09:18:05.014Z: database connected successfully 
[INFO] 2025-03-30T09:19:31.589Z: database connected successfully 
[INFO] 2025-03-30T09:19:59.164Z: database connected successfully 
[ERROR] 2025-03-30T09:20:10.210Z: خطأ في الحصول على الغرفة 2: {"error":{"stringValue":"\"2\"","valueType":"string","kind":"ObjectId","value":"2","path":"_id","reason":{},"name":"CastError","message":"Cast to ObjectId failed for value \"2\" (type string) at path \"_id\" for model \"VoiceRoom\""}}
[ERROR] 2025-03-30T09:20:12.481Z: خطأ في مغادرة الغرفة 2: {"error":{"stringValue":"\"2\"","valueType":"string","kind":"ObjectId","value":"2","path":"_id","reason":{},"name":"CastError","message":"Cast to ObjectId failed for value \"2\" (type string) at path \"_id\" for model \"VoiceRoom\""}}
[INFO] 2025-03-30T09:22:30.473Z: database connected successfully 
[INFO] 2025-03-30T09:22:34.157Z: database connected successfully 
[INFO] 2025-03-30T09:22:37.645Z: database connected successfully 
[INFO] 2025-03-30T09:23:05.438Z: database connected successfully 
[INFO] 2025-03-30T09:23:08.549Z: database connected successfully 
[INFO] 2025-03-30T09:23:10.509Z: database connected successfully 
[INFO] 2025-03-30T09:23:53.464Z: database connected successfully 
[INFO] 2025-03-30T09:23:59.142Z: database connected successfully 
